

================================================================
== Vivado HLS Report for 'ADVIOS'
================================================================
* Date:           Mon Oct  4 10:42:19 2021

* Version:        2017.2 (Build 1909853 on Thu Jun 15 18:55:24 MDT 2017)
* Project:        ADVIOS_HLS
* Solution:       solution1
* Product family: zynq
* Target device:  xc7z010clg400-1


================================================================
== Performance Estimates
================================================================
+ Timing (ns): 
    * Summary: 
    +--------+-------+----------+------------+
    |  Clock | Target| Estimated| Uncertainty|
    +--------+-------+----------+------------+
    |ap_clk  |   8.00|      4.33|        1.00|
    +--------+-------+----------+------------+

+ Latency (clock cycles): 
    * Summary: 
    +-----+-----+-----+-----+---------+
    |  Latency  |  Interval | Pipeline|
    | min | max | min | max |   Type  |
    +-----+-----+-----+-----+---------+
    |    0|    5|    1|    6|   none  |
    +-----+-----+-----+-----+---------+

    + Detail: 
        * Instance: 
        +---------------------------------------+-----------------------------+-----+-----+-----+-----+---------+
        |                                       |                             |  Latency  |  Interval | Pipeline|
        |                Instance               |            Module           | min | max | min | max |   Type  |
        +---------------------------------------+-----------------------------+-----+-----+-----+-----+---------+
        |grp_ADVIOS_periodic_Incrementer_fu_80  |ADVIOS_periodic_Incrementer  |    4|    4|    4|    4|   none  |
        |grp_ADVIOS_led_Controller_fu_104       |ADVIOS_led_Controller        |    4|    4|    4|    4|   none  |
        +---------------------------------------+-----------------------------+-----+-----+-----+-----+---------+

        * Loop: 
        N/A

============================================================
+ Verbose Summary: Synthesis Manager
============================================================
InlineROM: 1
ExposeGlobal: 0
============================================================
+ Verbose Summary: CDFG Model
============================================================
IsTopModel: 1
ResetActiveHigh: 1
IsCombinational: 0
IsDatapathOnly: 0
HasWiredReturn: 1
HasMFsm: 0
HasVarLatency: 1
IsPipeline: 0
IsRtlPipelined: 0
IsInstanceOverlapped: 0
IsDontTouch: 0
HasImplIP: 0
IsGatedGlobalClock: 0


============================================================
+ Verbose Summary: Schedule
============================================================
* Number of FSM states: 2
* Pipeline: 0
* Dataflow Pipeline: 0

* FSM state transitions: 
1 --> 
	2  / (ADVIOS_ssdm_threa) | (ADVIOS_ssdm_threa_1)
2 --> 
* FSM state operations: 

 <State 1>: 3.10ns
ST_1: StgValue_3 (13)  [1/1] 0.00ns
:0  call void (...)* @_ssdm_op_SpecIFCore(i4* %ctrl, [1 x i8]* @p_str10, [10 x i8]* @p_str17, [1 x i8]* @p_str10, i32 -1, [1 x i8]* @p_str10, [1 x i8]* @p_str10, [1 x i8]* @p_str10, [1 x i8]* @p_str10, [17 x i8]* @p_str18)

ST_1: StgValue_4 (14)  [1/1] 0.00ns
:1  call void (...)* @_ssdm_op_SpecBitsMap(i1* %clk), !map !80

ST_1: StgValue_5 (15)  [1/1] 0.00ns
:2  call void (...)* @_ssdm_op_SpecBitsMap(i1* %reset), !map !84

ST_1: StgValue_6 (16)  [1/1] 0.00ns
:3  call void (...)* @_ssdm_op_SpecBitsMap(i4* %ctrl), !map !88

ST_1: StgValue_7 (17)  [1/1] 0.00ns
:4  call void (...)* @_ssdm_op_SpecBitsMap(i4* %inSwitch), !map !92

ST_1: StgValue_8 (18)  [1/1] 0.00ns
:5  call void (...)* @_ssdm_op_SpecBitsMap(i4* %outLeds), !map !96

ST_1: StgValue_9 (19)  [1/1] 0.00ns
:6  call void (...)* @_ssdm_op_SpecBitsMap(i4* %ADVIOS_switchs_V), !map !100

ST_1: StgValue_10 (20)  [1/1] 0.00ns
:7  call void (...)* @_ssdm_op_SpecBitsMap(i4* %ADVIOS_control_V), !map !104

ST_1: StgValue_11 (21)  [1/1] 0.00ns
:8  call void (...)* @_ssdm_op_SpecBitsMap(i28* %ADVIOS_count_V), !map !108

ST_1: StgValue_12 (22)  [1/1] 0.00ns
:9  call void (...)* @_ssdm_op_SpecBitsMap(i4* %ADVIOS_sec_counter_V), !map !112

ST_1: StgValue_13 (23)  [1/1] 0.00ns
:10  call void (...)* @_ssdm_op_SpecBitsMap(i1* %sec_pulse), !map !116

ST_1: StgValue_14 (24)  [1/1] 0.00ns  loc: ../SystemC_IPCORE_Part7/SystemC_IPCORE_Part7/ADVIOS.h:23
:11  call void (...)* @_ssdm_op_SpecTopModule([7 x i8]* @p_str, [7 x i8]* @p_str) nounwind

ST_1: ADVIOS_ssdm_threa (25)  [1/1] 0.00ns  loc: ../SystemC_IPCORE_Part7/SystemC_IPCORE_Part7/ADVIOS.h:24
:12  %ADVIOS_ssdm_threa = load i1* @ADVIOS_ssdm_thread_M_led_Controller, align 1

ST_1: StgValue_16 (26)  [1/1] 0.00ns  loc: ../SystemC_IPCORE_Part7/SystemC_IPCORE_Part7/ADVIOS.h:24
:13  br i1 %ADVIOS_ssdm_threa, label %1, label %2

ST_1: StgValue_17 (28)  [1/1] 0.00ns  loc: ../SystemC_IPCORE_Part7/SystemC_IPCORE_Part7/ADVIOS.h:24
:0  call void (...)* @_ssdm_op_SpecProcessDecl([7 x i8]* @p_str, i32 2, [15 x i8]* @p_str19) nounwind

ST_1: StgValue_18 (29)  [1/1] 0.00ns  loc: ../SystemC_IPCORE_Part7/SystemC_IPCORE_Part7/ADVIOS.h:25
:1  call void (...)* @_ssdm_op_SpecSensitive([15 x i8]* @p_str19, [4 x i8]* @p_str2, i1* %clk, i32 1) nounwind

ST_1: StgValue_19 (30)  [1/1] 0.00ns  loc: ../SystemC_IPCORE_Part7/SystemC_IPCORE_Part7/ADVIOS.h:26
:2  call void (...)* @_ssdm_op_SpecSensitive([15 x i8]* @p_str19, [6 x i8]* @p_str3, i1* %reset, i32 3) nounwind

ST_1: ADVIOS_ssdm_threa_1 (31)  [1/1] 0.00ns  loc: ../SystemC_IPCORE_Part7/SystemC_IPCORE_Part7/ADVIOS.h:27
:3  %ADVIOS_ssdm_threa_1 = load i1* @ADVIOS_ssdm_thread_M_periodic_Incrementer, align 1

ST_1: StgValue_21 (32)  [1/1] 0.00ns  loc: ../SystemC_IPCORE_Part7/SystemC_IPCORE_Part7/ADVIOS.h:27
:4  br i1 %ADVIOS_ssdm_threa_1, label %3, label %4

ST_1: StgValue_22 (34)  [1/1] 0.00ns  loc: ../SystemC_IPCORE_Part7/SystemC_IPCORE_Part7/ADVIOS.h:27
:0  call void (...)* @_ssdm_op_SpecProcessDecl([7 x i8]* @p_str, i32 2, [21 x i8]* @p_str8) nounwind

ST_1: StgValue_23 (35)  [1/1] 0.00ns  loc: ../SystemC_IPCORE_Part7/SystemC_IPCORE_Part7/ADVIOS.h:28
:1  call void (...)* @_ssdm_op_SpecSensitive([21 x i8]* @p_str8, [4 x i8]* @p_str2, i1* %clk, i32 1) nounwind

ST_1: StgValue_24 (36)  [1/1] 0.00ns  loc: ../SystemC_IPCORE_Part7/SystemC_IPCORE_Part7/ADVIOS.h:29
:2  call void (...)* @_ssdm_op_SpecSensitive([21 x i8]* @p_str8, [6 x i8]* @p_str3, i1* %reset, i32 3) nounwind

ST_1: StgValue_25 (37)  [1/1] 0.00ns  loc: ../SystemC_IPCORE_Part7/SystemC_IPCORE_Part7/ADVIOS.h:30
:3  call void (...)* @_ssdm_op_SpecPort([7 x i8]* @p_str, i32 0, [7 x i8]* @p_str1, [4 x i8]* @p_str2, i32 0, i32 0, i1* %clk) nounwind

ST_1: StgValue_26 (38)  [1/1] 0.00ns  loc: ../SystemC_IPCORE_Part7/SystemC_IPCORE_Part7/ADVIOS.h:31
:4  call void (...)* @_ssdm_op_SpecPort([7 x i8]* @p_str, i32 0, [7 x i8]* @p_str1, [6 x i8]* @p_str3, i32 0, i32 0, i1* %reset) nounwind

ST_1: StgValue_27 (39)  [1/1] 0.00ns  loc: ../SystemC_IPCORE_Part7/SystemC_IPCORE_Part7/ADVIOS.h:32
:5  call void (...)* @_ssdm_op_SpecPort([7 x i8]* @p_str, i32 0, [13 x i8]* @p_str4, [5 x i8]* @p_str5, i32 0, i32 0, i4* %ctrl) nounwind

ST_1: StgValue_28 (40)  [1/1] 0.00ns  loc: ../SystemC_IPCORE_Part7/SystemC_IPCORE_Part7/ADVIOS.h:33
:6  call void (...)* @_ssdm_op_SpecPort([7 x i8]* @p_str, i32 0, [13 x i8]* @p_str4, [9 x i8]* @p_str6, i32 0, i32 0, i4* %inSwitch) nounwind

ST_1: StgValue_29 (41)  [1/1] 0.00ns  loc: ../SystemC_IPCORE_Part7/SystemC_IPCORE_Part7/ADVIOS.h:34
:7  call void (...)* @_ssdm_op_SpecPort([7 x i8]* @p_str, i32 1, [13 x i8]* @p_str4, [8 x i8]* @p_str7, i32 0, i32 0, i4* %outLeds) nounwind

ST_1: StgValue_30 (42)  [1/1] 0.00ns  loc: ../SystemC_IPCORE_Part7/SystemC_IPCORE_Part7/ADVIOS.h:35
:8  call void (...)* @_ssdm_op_SpecChannel([7 x i8]* @p_str, i32 0, [7 x i8]* @p_str1, [10 x i8]* @p_str12, i32 1, i32 0, i1* %sec_pulse) nounwind

ST_1: StgValue_31 (43)  [1/1] 0.00ns  loc: ../SystemC_IPCORE_Part7/SystemC_IPCORE_Part7/ADVIOS.h:34
:9  ret void

ST_1: StgValue_32 (45)  [2/2] 0.00ns  loc: ../SystemC_IPCORE_Part7/SystemC_IPCORE_Part7/ADVIOS.h:27
:0  call void @"ADVIOS::periodic_Incrementer"(i1* %clk, i1* %reset, i4* %ctrl, i4* %inSwitch, i4* %outLeds, i4* %ADVIOS_switchs_V, i4* %ADVIOS_control_V, i28* %ADVIOS_count_V, i4* %ADVIOS_sec_counter_V, i1* %sec_pulse)

ST_1: StgValue_33 (48)  [2/2] 3.10ns  loc: ../SystemC_IPCORE_Part7/SystemC_IPCORE_Part7/ADVIOS.h:24
:0  call void @"ADVIOS::led_Controller"(i1* %clk, i1* %reset, i4* %ctrl, i4* %inSwitch, i4* %outLeds, i4* %ADVIOS_switchs_V, i4* %ADVIOS_control_V, i28* %ADVIOS_count_V, i4* %ADVIOS_sec_counter_V, i1* %sec_pulse)


 <State 2>: 2.74ns
ST_2: StgValue_34 (45)  [1/2] 2.74ns  loc: ../SystemC_IPCORE_Part7/SystemC_IPCORE_Part7/ADVIOS.h:27
:0  call void @"ADVIOS::periodic_Incrementer"(i1* %clk, i1* %reset, i4* %ctrl, i4* %inSwitch, i4* %outLeds, i4* %ADVIOS_switchs_V, i4* %ADVIOS_control_V, i28* %ADVIOS_count_V, i4* %ADVIOS_sec_counter_V, i1* %sec_pulse)

ST_2: StgValue_35 (46)  [1/1] 0.00ns
:1  br label %UnifiedUnreachableBlock

ST_2: StgValue_36 (48)  [1/2] 2.35ns  loc: ../SystemC_IPCORE_Part7/SystemC_IPCORE_Part7/ADVIOS.h:24
:0  call void @"ADVIOS::led_Controller"(i1* %clk, i1* %reset, i4* %ctrl, i4* %inSwitch, i4* %outLeds, i4* %ADVIOS_switchs_V, i4* %ADVIOS_control_V, i28* %ADVIOS_count_V, i4* %ADVIOS_sec_counter_V, i1* %sec_pulse)

ST_2: StgValue_37 (49)  [1/1] 0.00ns
:1  br label %UnifiedUnreachableBlock

ST_2: StgValue_38 (51)  [1/1] 0.00ns
UnifiedUnreachableBlock:0  unreachable



============================================================
+ Verbose Summary: Binding
============================================================
STG Binding: 
---------------- STG Properties BEGIN ----------------
- Is combinational: 0
- Is one-state seq: 0
- Is datapath-only: 0
- Is pipelined: 0
- Is top level: 1
Port [ Return ] is wired: 1; IO mode=ap_ctrl_hs:ce=0
Port [ clk]:  wired=1; compound=0; hidden=0; nouse=1; global=0; static=0; extern=0; dir=0; type=0; pingpong=0; private_global=0; IO mode=ap_none:ce=0
Port [ reset]:  wired=1; compound=0; hidden=0; nouse=1; global=0; static=0; extern=0; dir=0; type=0; pingpong=0; private_global=0; IO mode=ap_none:ce=0
Port [ ctrl]:  wired=1; compound=0; hidden=0; nouse=0; global=0; static=0; extern=0; dir=0; type=0; pingpong=0; private_global=0; IO mode=ap_none:ce=0
Port [ inSwitch]:  wired=1; compound=0; hidden=0; nouse=0; global=0; static=0; extern=0; dir=0; type=0; pingpong=0; private_global=0; IO mode=ap_none:ce=0
Port [ outLeds]:  wired=1; compound=0; hidden=0; nouse=0; global=0; static=0; extern=0; dir=1; type=0; pingpong=0; private_global=0; IO mode=ap_vld:ce=0
Port [ ADVIOS_switchs_V]:  wired=1; compound=0; hidden=1; nouse=0; global=0; static=0; extern=0; dir=2; type=0; pingpong=0; private_global=0; IO mode=ap_ovld:ce=0
Port [ ADVIOS_control_V]:  wired=1; compound=0; hidden=1; nouse=0; global=0; static=0; extern=0; dir=2; type=0; pingpong=0; private_global=0; IO mode=ap_ovld:ce=0
Port [ ADVIOS_count_V]:  wired=1; compound=0; hidden=1; nouse=0; global=0; static=0; extern=0; dir=2; type=0; pingpong=0; private_global=0; IO mode=ap_ovld:ce=0
Port [ ADVIOS_sec_counter_V]:  wired=1; compound=0; hidden=1; nouse=0; global=0; static=0; extern=0; dir=2; type=0; pingpong=0; private_global=0; IO mode=ap_ovld:ce=0
Port [ sec_pulse]:  wired=1; compound=0; hidden=1; nouse=0; global=0; static=0; extern=0; dir=2; type=0; pingpong=0; private_global=0; IO mode=ap_ovld:ce=0
Port [ ADVIOS_ssdm_thread_M_led_Controller]:  wired=0; compound=0; hidden=1; nouse=0; global=1; static=0; extern=1; dir=0; type=0; pingpong=0; private_global=1; linkage=0; visibility=0; IO mode=ap_none:ce=0
Port [ ADVIOS_ssdm_thread_M_periodic_Incrementer]:  wired=0; compound=0; hidden=1; nouse=0; global=1; static=0; extern=1; dir=0; type=0; pingpong=0; private_global=1; linkage=0; visibility=0; IO mode=ap_none:ce=0
---------------- STG Properties END ------------------

---------------- Datapath Model BEGIN ----------------

<LifeTime>
<method=bitvector/>
StgValue_3          (specifcore     ) [ 000]
StgValue_4          (specbitsmap    ) [ 000]
StgValue_5          (specbitsmap    ) [ 000]
StgValue_6          (specbitsmap    ) [ 000]
StgValue_7          (specbitsmap    ) [ 000]
StgValue_8          (specbitsmap    ) [ 000]
StgValue_9          (specbitsmap    ) [ 000]
StgValue_10         (specbitsmap    ) [ 000]
StgValue_11         (specbitsmap    ) [ 000]
StgValue_12         (specbitsmap    ) [ 000]
StgValue_13         (specbitsmap    ) [ 000]
StgValue_14         (spectopmodule  ) [ 000]
ADVIOS_ssdm_threa   (load           ) [ 011]
StgValue_16         (br             ) [ 000]
StgValue_17         (specprocessdecl) [ 000]
StgValue_18         (specsensitive  ) [ 000]
StgValue_19         (specsensitive  ) [ 000]
ADVIOS_ssdm_threa_1 (load           ) [ 010]
StgValue_21         (br             ) [ 000]
StgValue_22         (specprocessdecl) [ 000]
StgValue_23         (specsensitive  ) [ 000]
StgValue_24         (specsensitive  ) [ 000]
StgValue_25         (specport       ) [ 000]
StgValue_26         (specport       ) [ 000]
StgValue_27         (specport       ) [ 000]
StgValue_28         (specport       ) [ 000]
StgValue_29         (specport       ) [ 000]
StgValue_30         (specchannel    ) [ 000]
StgValue_31         (ret            ) [ 000]
StgValue_34         (call           ) [ 000]
StgValue_35         (br             ) [ 000]
StgValue_36         (call           ) [ 000]
StgValue_37         (br             ) [ 000]
StgValue_38         (unreachable    ) [ 000]
</LifeTime>

<model>

<comp_list>
<comp id="0" class="1000" name="clk">
<pin_list>
<pin id="1" dir="1" index="0" bw="1" slack="0"/>
</pin_list>
<bind>
<StgValue><ssdm name="clk"/></StgValue>
</bind>
</comp>

<comp id="2" class="1000" name="reset">
<pin_list>
<pin id="3" dir="1" index="0" bw="1" slack="0"/>
</pin_list>
<bind>
<StgValue><ssdm name="reset"/></StgValue>
</bind>
</comp>

<comp id="4" class="1000" name="ctrl">
<pin_list>
<pin id="5" dir="1" index="0" bw="1" slack="0"/>
</pin_list>
<bind>
<StgValue><ssdm name="ctrl"/></StgValue>
</bind>
</comp>

<comp id="6" class="1000" name="inSwitch">
<pin_list>
<pin id="7" dir="1" index="0" bw="1" slack="0"/>
</pin_list>
<bind>
<StgValue><ssdm name="inSwitch"/></StgValue>
</bind>
</comp>

<comp id="8" class="1000" name="outLeds">
<pin_list>
<pin id="9" dir="1" index="0" bw="1" slack="0"/>
</pin_list>
<bind>
<StgValue><ssdm name="outLeds"/></StgValue>
</bind>
</comp>

<comp id="10" class="1000" name="ADVIOS_switchs_V">
<pin_list>
<pin id="11" dir="1" index="0" bw="1" slack="0"/>
</pin_list>
<bind>
<StgValue><ssdm name="ADVIOS_switchs_V"/></StgValue>
</bind>
</comp>

<comp id="12" class="1000" name="ADVIOS_control_V">
<pin_list>
<pin id="13" dir="1" index="0" bw="1" slack="0"/>
</pin_list>
<bind>
<StgValue><ssdm name="ADVIOS_control_V"/></StgValue>
</bind>
</comp>

<comp id="14" class="1000" name="ADVIOS_count_V">
<pin_list>
<pin id="15" dir="1" index="0" bw="1" slack="0"/>
</pin_list>
<bind>
<StgValue><ssdm name="ADVIOS_count_V"/></StgValue>
</bind>
</comp>

<comp id="16" class="1000" name="ADVIOS_sec_counter_V">
<pin_list>
<pin id="17" dir="1" index="0" bw="1" slack="0"/>
</pin_list>
<bind>
<StgValue><ssdm name="ADVIOS_sec_counter_V"/></StgValue>
</bind>
</comp>

<comp id="18" class="1000" name="sec_pulse">
<pin_list>
<pin id="19" dir="1" index="0" bw="1" slack="0"/>
</pin_list>
<bind>
<StgValue><ssdm name="sec_pulse"/></StgValue>
</bind>
</comp>

<comp id="20" class="1000" name="ADVIOS_ssdm_thread_M_led_Controller">
<pin_list>
<pin id="21" dir="1" index="0" bw="1" slack="0"/>
</pin_list>
<bind>
<StgValue><ssdm name="ADVIOS_ssdm_thread_M_led_Controller"/></StgValue>
</bind>
</comp>

<comp id="22" class="1000" name="ADVIOS_ssdm_thread_M_periodic_Incrementer">
<pin_list>
<pin id="23" dir="1" index="0" bw="1" slack="0"/>
</pin_list>
<bind>
<StgValue><ssdm name="ADVIOS_ssdm_thread_M_periodic_Incrementer"/></StgValue>
</bind>
</comp>

<comp id="24" class="1001" name="const_24">
<pin_list>
<pin id="25" dir="1" index="0" bw="1" slack="2147483647"/>
</pin_list>
<bind>
<StgValue><ssdm name="_ssdm_op_SpecIFCore"/></StgValue>
</bind>
</comp>

<comp id="26" class="1001" name="const_26">
<pin_list>
<pin id="27" dir="1" index="0" bw="1" slack="2147483647"/>
</pin_list>
<bind>
<StgValue><ssdm name="p_str10"/></StgValue>
</bind>
</comp>

<comp id="28" class="1001" name="const_28">
<pin_list>
<pin id="29" dir="1" index="0" bw="1" slack="2147483647"/>
</pin_list>
<bind>
<StgValue><ssdm name="p_str17"/></StgValue>
</bind>
</comp>

<comp id="30" class="1001" name="const_30">
<pin_list>
<pin id="31" dir="1" index="0" bw="1" slack="2147483647"/>
</pin_list>
<bind>
<StgValue><ssdm name=""/></StgValue>
</bind>
</comp>

<comp id="32" class="1001" name="const_32">
<pin_list>
<pin id="33" dir="1" index="0" bw="1" slack="2147483647"/>
</pin_list>
<bind>
<StgValue><ssdm name="p_str18"/></StgValue>
</bind>
</comp>

<comp id="34" class="1001" name="const_34">
<pin_list>
<pin id="35" dir="1" index="0" bw="1" slack="2147483647"/>
</pin_list>
<bind>
<StgValue><ssdm name="_ssdm_op_SpecBitsMap"/></StgValue>
</bind>
</comp>

<comp id="36" class="1001" name="const_36">
<pin_list>
<pin id="37" dir="1" index="0" bw="1" slack="2147483647"/>
</pin_list>
<bind>
<StgValue><ssdm name="_ssdm_op_SpecTopModule"/></StgValue>
</bind>
</comp>

<comp id="38" class="1001" name="const_38">
<pin_list>
<pin id="39" dir="1" index="0" bw="1" slack="2147483647"/>
</pin_list>
<bind>
<StgValue><ssdm name="p_str"/></StgValue>
</bind>
</comp>

<comp id="40" class="1001" name="const_40">
<pin_list>
<pin id="41" dir="1" index="0" bw="1" slack="2147483647"/>
</pin_list>
<bind>
<StgValue><ssdm name="_ssdm_op_SpecProcessDecl"/></StgValue>
</bind>
</comp>

<comp id="42" class="1001" name="const_42">
<pin_list>
<pin id="43" dir="1" index="0" bw="1" slack="2147483647"/>
</pin_list>
<bind>
<StgValue><ssdm name=""/></StgValue>
</bind>
</comp>

<comp id="44" class="1001" name="const_44">
<pin_list>
<pin id="45" dir="1" index="0" bw="1" slack="2147483647"/>
</pin_list>
<bind>
<StgValue><ssdm name="p_str19"/></StgValue>
</bind>
</comp>

<comp id="46" class="1001" name="const_46">
<pin_list>
<pin id="47" dir="1" index="0" bw="1" slack="2147483647"/>
</pin_list>
<bind>
<StgValue><ssdm name="_ssdm_op_SpecSensitive"/></StgValue>
</bind>
</comp>

<comp id="48" class="1001" name="const_48">
<pin_list>
<pin id="49" dir="1" index="0" bw="1" slack="2147483647"/>
</pin_list>
<bind>
<StgValue><ssdm name="p_str2"/></StgValue>
</bind>
</comp>

<comp id="50" class="1001" name="const_50">
<pin_list>
<pin id="51" dir="1" index="0" bw="1" slack="2147483647"/>
</pin_list>
<bind>
<StgValue><ssdm name=""/></StgValue>
</bind>
</comp>

<comp id="52" class="1001" name="const_52">
<pin_list>
<pin id="53" dir="1" index="0" bw="1" slack="2147483647"/>
</pin_list>
<bind>
<StgValue><ssdm name="p_str3"/></StgValue>
</bind>
</comp>

<comp id="54" class="1001" name="const_54">
<pin_list>
<pin id="55" dir="1" index="0" bw="1" slack="2147483647"/>
</pin_list>
<bind>
<StgValue><ssdm name=""/></StgValue>
</bind>
</comp>

<comp id="56" class="1001" name="const_56">
<pin_list>
<pin id="57" dir="1" index="0" bw="1" slack="2147483647"/>
</pin_list>
<bind>
<StgValue><ssdm name="p_str8"/></StgValue>
</bind>
</comp>

<comp id="58" class="1001" name="const_58">
<pin_list>
<pin id="59" dir="1" index="0" bw="1" slack="2147483647"/>
</pin_list>
<bind>
<StgValue><ssdm name="_ssdm_op_SpecPort"/></StgValue>
</bind>
</comp>

<comp id="60" class="1001" name="const_60">
<pin_list>
<pin id="61" dir="1" index="0" bw="1" slack="2147483647"/>
</pin_list>
<bind>
<StgValue><ssdm name=""/></StgValue>
</bind>
</comp>

<comp id="62" class="1001" name="const_62">
<pin_list>
<pin id="63" dir="1" index="0" bw="1" slack="2147483647"/>
</pin_list>
<bind>
<StgValue><ssdm name="p_str1"/></StgValue>
</bind>
</comp>

<comp id="64" class="1001" name="const_64">
<pin_list>
<pin id="65" dir="1" index="0" bw="1" slack="2147483647"/>
</pin_list>
<bind>
<StgValue><ssdm name="p_str4"/></StgValue>
</bind>
</comp>

<comp id="66" class="1001" name="const_66">
<pin_list>
<pin id="67" dir="1" index="0" bw="1" slack="2147483647"/>
</pin_list>
<bind>
<StgValue><ssdm name="p_str5"/></StgValue>
</bind>
</comp>

<comp id="68" class="1001" name="const_68">
<pin_list>
<pin id="69" dir="1" index="0" bw="1" slack="2147483647"/>
</pin_list>
<bind>
<StgValue><ssdm name="p_str6"/></StgValue>
</bind>
</comp>

<comp id="70" class="1001" name="const_70">
<pin_list>
<pin id="71" dir="1" index="0" bw="1" slack="2147483647"/>
</pin_list>
<bind>
<StgValue><ssdm name="p_str7"/></StgValue>
</bind>
</comp>

<comp id="72" class="1001" name="const_72">
<pin_list>
<pin id="73" dir="1" index="0" bw="1" slack="2147483647"/>
</pin_list>
<bind>
<StgValue><ssdm name="_ssdm_op_SpecChannel"/></StgValue>
</bind>
</comp>

<comp id="74" class="1001" name="const_74">
<pin_list>
<pin id="75" dir="1" index="0" bw="1" slack="2147483647"/>
</pin_list>
<bind>
<StgValue><ssdm name="p_str12"/></StgValue>
</bind>
</comp>

<comp id="76" class="1001" name="const_76">
<pin_list>
<pin id="77" dir="1" index="0" bw="1" slack="0"/>
</pin_list>
<bind>
<StgValue><ssdm name="ADVIOS::periodic_Incrementer"/></StgValue>
</bind>
</comp>

<comp id="78" class="1001" name="const_78">
<pin_list>
<pin id="79" dir="1" index="0" bw="1" slack="0"/>
</pin_list>
<bind>
<StgValue><ssdm name="ADVIOS::led_Controller"/></StgValue>
</bind>
</comp>

<comp id="80" class="1004" name="grp_ADVIOS_periodic_Incrementer_fu_80">
<pin_list>
<pin id="81" dir="0" index="0" bw="0" slack="0"/>
<pin id="82" dir="0" index="1" bw="1" slack="0"/>
<pin id="83" dir="0" index="2" bw="1" slack="0"/>
<pin id="84" dir="0" index="3" bw="4" slack="0"/>
<pin id="85" dir="0" index="4" bw="4" slack="0"/>
<pin id="86" dir="0" index="5" bw="4" slack="0"/>
<pin id="87" dir="0" index="6" bw="4" slack="0"/>
<pin id="88" dir="0" index="7" bw="4" slack="0"/>
<pin id="89" dir="0" index="8" bw="28" slack="0"/>
<pin id="90" dir="0" index="9" bw="4" slack="0"/>
<pin id="91" dir="0" index="10" bw="1" slack="0"/>
<pin id="92" dir="1" index="11" bw="0" slack="2147483647"/>
</pin_list>
<bind>
<opcode="call(48) " fcode="call"/>
<opset="StgValue_32/1 "/>
</bind>
</comp>

<comp id="104" class="1004" name="grp_ADVIOS_led_Controller_fu_104">
<pin_list>
<pin id="105" dir="0" index="0" bw="0" slack="0"/>
<pin id="106" dir="0" index="1" bw="1" slack="0"/>
<pin id="107" dir="0" index="2" bw="1" slack="0"/>
<pin id="108" dir="0" index="3" bw="4" slack="0"/>
<pin id="109" dir="0" index="4" bw="4" slack="0"/>
<pin id="110" dir="0" index="5" bw="4" slack="0"/>
<pin id="111" dir="0" index="6" bw="4" slack="0"/>
<pin id="112" dir="0" index="7" bw="4" slack="0"/>
<pin id="113" dir="0" index="8" bw="28" slack="0"/>
<pin id="114" dir="0" index="9" bw="4" slack="0"/>
<pin id="115" dir="0" index="10" bw="1" slack="0"/>
<pin id="116" dir="1" index="11" bw="0" slack="2147483647"/>
</pin_list>
<bind>
<opcode="call(48) " fcode="call"/>
<opset="StgValue_33/1 "/>
</bind>
</comp>

<comp id="128" class="1004" name="ADVIOS_ssdm_threa_load_fu_128">
<pin_list>
<pin id="129" dir="0" index="0" bw="1" slack="0"/>
<pin id="130" dir="1" index="1" bw="1" slack="1"/>
</pin_list>
<bind>
<opcode="load(27) " fcode="load"/>
<opset="ADVIOS_ssdm_threa/1 "/>
</bind>
</comp>

<comp id="132" class="1004" name="ADVIOS_ssdm_threa_1_load_fu_132">
<pin_list>
<pin id="133" dir="0" index="0" bw="1" slack="0"/>
<pin id="134" dir="1" index="1" bw="1" slack="2147483647"/>
</pin_list>
<bind>
<opcode="load(27) " fcode="load"/>
<opset="ADVIOS_ssdm_threa_1/1 "/>
</bind>
</comp>

<comp id="136" class="1005" name="ADVIOS_ssdm_threa_reg_136">
<pin_list>
<pin id="137" dir="0" index="0" bw="1" slack="1"/>
<pin id="138" dir="1" index="1" bw="1" slack="2147483647"/>
</pin_list>
<bind>
<opset="ADVIOS_ssdm_threa "/>
</bind>
</comp>

</comp_list>

<net_list>
<net id="93"><net_src comp="76" pin="0"/><net_sink comp="80" pin=0"/></net>

<net id="94"><net_src comp="0" pin="0"/><net_sink comp="80" pin=1"/></net>

<net id="95"><net_src comp="2" pin="0"/><net_sink comp="80" pin=2"/></net>

<net id="96"><net_src comp="4" pin="0"/><net_sink comp="80" pin=3"/></net>

<net id="97"><net_src comp="6" pin="0"/><net_sink comp="80" pin=4"/></net>

<net id="98"><net_src comp="8" pin="0"/><net_sink comp="80" pin=5"/></net>

<net id="99"><net_src comp="10" pin="0"/><net_sink comp="80" pin=6"/></net>

<net id="100"><net_src comp="12" pin="0"/><net_sink comp="80" pin=7"/></net>

<net id="101"><net_src comp="14" pin="0"/><net_sink comp="80" pin=8"/></net>

<net id="102"><net_src comp="16" pin="0"/><net_sink comp="80" pin=9"/></net>

<net id="103"><net_src comp="18" pin="0"/><net_sink comp="80" pin=10"/></net>

<net id="117"><net_src comp="78" pin="0"/><net_sink comp="104" pin=0"/></net>

<net id="118"><net_src comp="0" pin="0"/><net_sink comp="104" pin=1"/></net>

<net id="119"><net_src comp="2" pin="0"/><net_sink comp="104" pin=2"/></net>

<net id="120"><net_src comp="4" pin="0"/><net_sink comp="104" pin=3"/></net>

<net id="121"><net_src comp="6" pin="0"/><net_sink comp="104" pin=4"/></net>

<net id="122"><net_src comp="8" pin="0"/><net_sink comp="104" pin=5"/></net>

<net id="123"><net_src comp="10" pin="0"/><net_sink comp="104" pin=6"/></net>

<net id="124"><net_src comp="12" pin="0"/><net_sink comp="104" pin=7"/></net>

<net id="125"><net_src comp="14" pin="0"/><net_sink comp="104" pin=8"/></net>

<net id="126"><net_src comp="16" pin="0"/><net_sink comp="104" pin=9"/></net>

<net id="127"><net_src comp="18" pin="0"/><net_sink comp="104" pin=10"/></net>

<net id="131"><net_src comp="20" pin="0"/><net_sink comp="128" pin=0"/></net>

<net id="135"><net_src comp="22" pin="0"/><net_sink comp="132" pin=0"/></net>

<net id="139"><net_src comp="128" pin="1"/><net_sink comp="136" pin=0"/></net>

</net_list>

</model> 
---------------- Datapath Model END ------------------

* FSMD analyzer results:
  - Output states:
	Port: outLeds | {1 2 }
	Port: ADVIOS_switchs_V | {1 2 }
	Port: ADVIOS_control_V | {1 2 }
	Port: ADVIOS_count_V | {1 2 }
	Port: ADVIOS_sec_counter_V | {1 2 }
	Port: sec_pulse | {1 2 }
 - Input state : 
	Port: ADVIOS::ADVIOS : ctrl | {1 2 }
	Port: ADVIOS::ADVIOS : inSwitch | {1 2 }
	Port: ADVIOS::ADVIOS : ADVIOS_sec_counter_V | {1 2 }
	Port: ADVIOS::ADVIOS : sec_pulse | {1 2 }
	Port: ADVIOS::ADVIOS : ADVIOS_ssdm_thread_M_led_Controller | {1 }
	Port: ADVIOS::ADVIOS : ADVIOS_ssdm_thread_M_periodic_Incrementer | {1 }
  - Chain level:
	State 1
		StgValue_16 : 1
		StgValue_21 : 1
	State 2


============================================================
+ Verbose Summary: Datapath Resource usage 
============================================================

* Functional unit list:
|----------|---------------------------------------|---------|---------|---------|
| Operation|            Functional Unit            |  Delay  |    FF   |   LUT   |
|----------|---------------------------------------|---------|---------|---------|
|   call   | grp_ADVIOS_periodic_Incrementer_fu_80 |  1.588  |   118   |    58   |
|          |    grp_ADVIOS_led_Controller_fu_104   |  3.361  |    19   |    41   |
|----------|---------------------------------------|---------|---------|---------|
|   Total  |                                       |  4.949  |   137   |    99   |
|----------|---------------------------------------|---------|---------|---------|

Memories:
N/A

* Register list:
+-------------------------+--------+
|                         |   FF   |
+-------------------------+--------+
|ADVIOS_ssdm_threa_reg_136|    1   |
+-------------------------+--------+
|          Total          |    1   |
+-------------------------+--------+

* Multiplexer (MUX) list: 
|--------|------|------|------|--------|
|  Comp  |  Pin | Size |  BW  | S x BW |
|--------|------|------|------|--------|
|  Total |      |      |      |    0   |
|--------|------|------|------|--------|



* Summary:
+-----------+--------+--------+--------+
|           |  Delay |   FF   |   LUT  |
+-----------+--------+--------+--------+
|  Function |    4   |   137  |   99   |
|   Memory  |    -   |    -   |    -   |
|Multiplexer|    -   |    -   |    -   |
|  Register |    -   |    1   |    -   |
+-----------+--------+--------+--------+
|   Total   |    4   |   138  |   99   |
+-----------+--------+--------+--------+
