#-----------------------------------------------------------
# Vivado v2017.2 (64-bit)
# SW Build 1909853 on Thu Jun 15 18:39:09 MDT 2017
# IP Build 1909766 on Thu Jun 15 19:58:00 MDT 2017
# Start of session at: Mon Oct  4 15:24:59 2021
# Process ID: 5008
# Current directory: C:/Users/jespe/Desktop/Uni_Civil_9_Semester/Embedded_course/ERTS/Assignment2/Part_7/vivado_Part7/vivado_Part7.runs/design_1_auto_pc_0_synth_1
# Command line: vivado.exe -log design_1_auto_pc_0.vds -product Vivado -mode batch -messageDb vivado.pb -notrace -source design_1_auto_pc_0.tcl
# Log file: C:/Users/jespe/Desktop/Uni_Civil_9_Semester/Embedded_course/ERTS/Assignment2/Part_7/vivado_Part7/vivado_Part7.runs/design_1_auto_pc_0_synth_1/design_1_auto_pc_0.vds
# Journal file: C:/Users/jespe/Desktop/Uni_Civil_9_Semester/Embedded_course/ERTS/Assignment2/Part_7/vivado_Part7/vivado_Part7.runs/design_1_auto_pc_0_synth_1\vivado.jou
#-----------------------------------------------------------
source design_1_auto_pc_0.tcl -notrace
